Downloading https://downloads.gradle.org/distributions/gradle-9.2.1-all.zip
......................10%......................20%......................30%.......................40%......................50%......................60%.......................70%......................80%......................90%......................100%

Welcome to Gradle 9.2.1!

Here are the highlights of this release:
 - Windows ARM support
 - Improved publishing APIs
 - Better guidance for dependency verification failures

For more details see https://docs.gradle.org/9.2.1/release-notes.html

Starting a Gradle Daemon (subsequent builds will be faster)
Calculating task graph as no cached configuration is available for tasks: test
> Task :checkKotlinGradlePluginConfigurationErrors SKIPPED
> Task :processTestResources NO-SOURCE
> Task :processResources
> Task :compileKotlin
w: file:///app/src/main/kotlin/one/pkg/om/listener/EntityDamage.kt:40:42 'val isOnGround: Boolean' is deprecated. Deprecated in Java.

> Task :compileJava
Note: /app/src/main/java/OMetrics.java uses or overrides a deprecated API.
Note: Recompile with -Xlint:deprecation for details.

> Task :classes
> Task :jar

> Task :compileTestKotlin
w: file:///app/src/test/kotlin/one/pkg/om/manager/RequestManagerTest.kt:91:13 Condition is always 'false'.

> Task :compileTestJava NO-SOURCE
> Task :testClasses UP-TO-DATE
> Task :test

[Incubating] Problems report is available at: file:///app/build/reports/problems/problems-report.html

BUILD SUCCESSFUL in 4m 5s
6 actionable tasks: 6 executed
Configuration cache entry stored.
